2025-05-23 13:16:31.212 [info] [main] Log level: Info
2025-05-23 13:16:31.212 [info] [main] Validating found git in: "git"
2025-05-23 13:16:31.212 [info] [main] Using git "2.49.0" from "git"
2025-05-23 13:16:31.213 [info] [Model][doInitialScan] Initial repository scan started
2025-05-23 13:16:31.213 [info] > git rev-parse --show-toplevel [13ms]
2025-05-23 13:16:31.213 [info] fatal: not a git repository (or any of the parent directories): .git
2025-05-23 13:16:31.231 [info] > git rev-parse --show-toplevel [2ms]
2025-05-23 13:16:31.231 [info] fatal: not a git repository (or any of the parent directories): .git
2025-05-23 13:16:31.259 [info] > git rev-parse --show-toplevel [8ms]
2025-05-23 13:16:31.259 [info] fatal: not a git repository (or any of the parent directories): .git
2025-05-23 13:16:31.417 [info] > git rev-parse --show-toplevel [142ms]
2025-05-23 13:16:31.417 [info] fatal: not a git repository (or any of the parent directories): .git
2025-05-23 13:16:31.463 [info] > git rev-parse --show-toplevel [12ms]
2025-05-23 13:16:31.463 [info] fatal: not a git repository (or any of the parent directories): .git
2025-05-23 13:16:31.490 [info] > git rev-parse --show-toplevel [8ms]
2025-05-23 13:16:31.490 [info] fatal: not a git repository (or any of the parent directories): .git
2025-05-23 13:16:31.508 [info] > git rev-parse --show-toplevel [5ms]
2025-05-23 13:16:31.508 [info] fatal: not a git repository (or any of the parent directories): .git
2025-05-23 13:16:31.526 [info] > git rev-parse --show-toplevel [3ms]
2025-05-23 13:16:31.526 [info] fatal: not a git repository (or any of the parent directories): .git
2025-05-23 13:16:31.547 [info] > git rev-parse --show-toplevel [5ms]
2025-05-23 13:16:31.548 [info] fatal: not a git repository (or any of the parent directories): .git
2025-05-23 13:16:31.566 [info] > git rev-parse --show-toplevel [5ms]
2025-05-23 13:16:31.566 [info] fatal: not a git repository (or any of the parent directories): .git
2025-05-23 13:16:31.567 [info] [Model][doInitialScan] Initial repository scan completed - repositories (0), closed repositories (0), parent repositories (0), unsafe repositories (0)
2025-05-23 13:16:31.786 [info] > git rev-parse --show-toplevel [21ms]
2025-05-23 13:16:31.786 [info] fatal: not a git repository (or any of the parent directories): .git
2025-05-23 13:16:32.001 [info] > git rev-parse --show-toplevel [3ms]
2025-05-23 13:16:32.001 [info] fatal: not a git repository (or any of the parent directories): .git
2025-05-30 11:54:02.073 [info] > git rev-parse --show-toplevel [3ms]
2025-05-30 11:54:02.086 [info] > git rev-parse --git-dir --git-common-dir [3ms]
2025-05-30 11:54:02.122 [info] [Model][openRepository] Opened repository (path): /home/dominik/.config/nvim
2025-05-30 11:54:02.122 [info] [Model][openRepository] Opened repository (real path): /home/dominik/.config/nvim
2025-05-30 11:54:02.147 [info] > git config --get commit.template [6ms]
2025-05-30 11:54:02.161 [info] > git for-each-ref --format=%(refname)%00%(upstream:short)%00%(objectname)%00%(upstream:track)%00%(upstream:remotename)%00%(upstream:remoteref) refs/heads/main refs/remotes/main [3ms]
2025-05-30 11:54:02.162 [warning] [Git][getBranch] No such branch: main
2025-05-30 11:54:02.217 [info] > git status -z -uall [41ms]
2025-05-30 11:54:02.217 [info] > git for-each-ref --sort -committerdate --format %(refname)%00%(objectname)%00%(*objectname) [14ms]
2025-05-30 11:54:02.379 [info] > git for-each-ref --format=%(refname)%00%(upstream:short)%00%(objectname)%00%(upstream:track)%00%(upstream:remotename)%00%(upstream:remoteref) refs/heads/main refs/remotes/main [74ms]
2025-05-30 11:54:02.379 [warning] [Git][getBranch] No such branch: main
2025-05-30 11:54:02.381 [error] [GitHistoryProvider][resolveHEADMergeBase] Failed to resolve merge base for main: Error: No such branch: main.
2025-05-30 11:54:02.447 [info] > git config --get commit.template [71ms]
2025-05-30 11:54:02.522 [info] > git for-each-ref --format=%(refname)%00%(upstream:short)%00%(objectname)%00%(upstream:track)%00%(upstream:remotename)%00%(upstream:remoteref) refs/heads/main refs/remotes/main [5ms]
2025-05-30 11:54:02.522 [warning] [Git][getBranch] No such branch: main
2025-05-30 11:54:02.540 [info] > git status -z -uall [11ms]
2025-05-30 11:54:02.542 [info] > git for-each-ref --sort -committerdate --format %(refname)%00%(objectname)%00%(*objectname) [5ms]
2025-05-30 11:54:16.535 [info] > git config --get commit.template [11ms]
2025-05-30 11:54:16.536 [info] > git for-each-ref --format=%(refname)%00%(upstream:short)%00%(objectname)%00%(upstream:track)%00%(upstream:remotename)%00%(upstream:remoteref) refs/heads/main refs/remotes/main [2ms]
2025-05-30 11:54:16.536 [warning] [Git][getBranch] No such branch: main
2025-05-30 11:54:16.552 [info] > git status -z -uall [9ms]
2025-05-30 11:54:16.554 [info] > git for-each-ref --sort -committerdate --format %(refname)%00%(objectname)%00%(*objectname) [3ms]
2025-05-30 11:54:42.323 [info] > git config --get commit.template [9ms]
2025-05-30 11:54:42.325 [info] > git for-each-ref --format=%(refname)%00%(upstream:short)%00%(objectname)%00%(upstream:track)%00%(upstream:remotename)%00%(upstream:remoteref) refs/heads/main refs/remotes/main [3ms]
2025-05-30 11:54:42.343 [info] > git status -z -uall [11ms]
2025-05-30 11:54:42.346 [info] > git for-each-ref --sort -committerdate --format %(refname)%00%(objectname)%00%(*objectname) [4ms]
2025-06-14 19:46:09.795 [warning] [Model][getRepositoryExact] Failed to get repository realpath for: "/home/dominik/.local/share/nvim/tree-sitter-just-tmp/tree-sitter-just-bb0c898a80644de438e6efe5d88d30bf092935cd/". Error:Error: ENOENT: no such file or directory, realpath '/home/dominik/.local/share/nvim/tree-sitter-just-tmp/tree-sitter-just-bb0c898a80644de438e6efe5d88d30bf092935cd/'
2025-06-14 23:14:44.345 [info] > git config --get commit.template [4ms]
2025-06-14 23:14:44.378 [info] > git for-each-ref --format=%(refname)%00%(upstream:short)%00%(objectname)%00%(upstream:track)%00%(upstream:remotename)%00%(upstream:remoteref) refs/heads/main refs/remotes/main [14ms]
2025-06-14 23:14:44.490 [info] > git status -z -uall [58ms]
2025-06-14 23:14:44.492 [info] > git for-each-ref --sort -committerdate --format %(refname)%00%(objectname)%00%(*objectname) [7ms]
2025-06-14 23:39:47.480 [info] > git config --get commit.template [24ms]
2025-06-14 23:39:47.491 [info] > git for-each-ref --format=%(refname)%00%(upstream:short)%00%(objectname)%00%(upstream:track)%00%(upstream:remotename)%00%(upstream:remoteref) refs/heads/main refs/remotes/main [7ms]
2025-06-14 23:39:47.533 [info] > git status -z -uall [22ms]
2025-06-14 23:39:47.541 [info] > git for-each-ref --sort -committerdate --format %(refname)%00%(objectname)%00%(*objectname) [9ms]
2025-06-15 11:37:46.537 [info] > git config --get commit.template [32ms]
2025-06-15 11:37:46.571 [info] > git for-each-ref --format=%(refname)%00%(upstream:short)%00%(objectname)%00%(upstream:track)%00%(upstream:remotename)%00%(upstream:remoteref) refs/heads/main refs/remotes/main [39ms]
2025-06-15 11:37:46.602 [info] > git status -z -uall [20ms]
2025-06-15 11:37:46.604 [info] > git for-each-ref --sort -committerdate --format %(refname)%00%(objectname)%00%(*objectname) [8ms]
2025-06-15 12:36:31.730 [info] > git rev-parse --show-toplevel [3ms]
2025-06-15 12:36:31.741 [info] > git rev-parse --git-dir --git-common-dir [3ms]
2025-06-15 12:36:31.750 [info] [Model][openRepository] Opened repository (path): /home/dominik/.cache/yay/networkmanager-dmenu-git
2025-06-15 12:36:31.750 [info] [Model][openRepository] Opened repository (real path): /home/dominik/.cache/yay/networkmanager-dmenu-git
2025-06-15 12:36:31.769 [info] > git config --get commit.template [11ms]
2025-06-15 12:36:31.772 [info] > git for-each-ref --format=%(refname)%00%(upstream:short)%00%(objectname)%00%(upstream:track)%00%(upstream:remotename)%00%(upstream:remoteref) refs/heads/master refs/remotes/master [4ms]
2025-06-15 12:36:31.785 [warning] [Git][revParse] Unable to read file: ENOENT: no such file or directory, open '/home/dominik/.cache/yay/networkmanager-dmenu-git/.git/refs/remotes/origin/master'
2025-06-15 12:36:31.789 [info] > git rev-parse refs/remotes/origin/master [4ms]
2025-06-15 12:36:31.812 [info] > git status -z -uall [15ms]
2025-06-15 12:36:31.817 [info] > git for-each-ref --sort -committerdate --format %(refname)%00%(objectname)%00%(*objectname) [6ms]
2025-06-15 12:36:31.845 [info] > git for-each-ref --format=%(refname)%00%(upstream:short)%00%(objectname)%00%(upstream:track)%00%(upstream:remotename)%00%(upstream:remoteref) refs/heads/master refs/remotes/master [12ms]
2025-06-15 12:36:31.858 [info] > git config --get --local branch.master.vscode-merge-base [3ms]
2025-06-15 12:36:31.858 [warning] [Git][config] git config failed: Failed to execute git
2025-06-15 12:36:31.866 [info] > git config --get commit.template [21ms]
2025-06-15 12:36:31.875 [info] > git reflog master --grep-reflog=branch: Created from *. [9ms]
2025-06-15 12:36:31.884 [info] > git for-each-ref --format=%(refname)%00%(upstream:short)%00%(objectname)%00%(upstream:track)%00%(upstream:remotename)%00%(upstream:remoteref) refs/heads/master refs/remotes/master [10ms]
2025-06-15 12:36:31.892 [warning] [Git][revParse] Unable to read file: ENOENT: no such file or directory, open '/home/dominik/.cache/yay/networkmanager-dmenu-git/.git/refs/remotes/origin/master'
2025-06-15 12:36:31.893 [info] > git symbolic-ref --short refs/remotes/origin/HEAD [10ms]
2025-06-15 12:36:31.902 [info] > git rev-parse refs/remotes/origin/master [10ms]
2025-06-15 12:36:31.920 [info] > git status -z -uall [10ms]
2025-06-15 12:36:31.922 [info] > git for-each-ref --format=%(refname)%00%(upstream:short)%00%(objectname)%00%(upstream:track)%00%(upstream:remotename)%00%(upstream:remoteref) refs/heads/origin/master refs/remotes/origin/master [21ms]
2025-06-15 12:36:31.931 [info] > git for-each-ref --sort -committerdate --format %(refname)%00%(objectname)%00%(*objectname) [12ms]
2025-06-15 12:36:31.949 [info] > git config --add --local branch.master.vscode-merge-base origin/master [18ms]
2025-06-15 12:36:31.958 [info] > git for-each-ref --format=%(refname)%00%(upstream:short)%00%(objectname)%00%(upstream:track)%00%(upstream:remotename)%00%(upstream:remoteref) refs/heads/master refs/remotes/master [11ms]
2025-06-15 12:36:31.968 [info] > git config --get commit.template [10ms]
2025-06-15 12:36:31.968 [info] > git config --get --local branch.master.vscode-merge-base [2ms]
2025-06-15 12:36:31.986 [info] > git for-each-ref --format=%(refname)%00%(upstream:short)%00%(objectname)%00%(upstream:track)%00%(upstream:remotename)%00%(upstream:remoteref) refs/heads/origin/master refs/remotes/origin/master [9ms]
2025-06-15 12:36:31.996 [info] > git for-each-ref --format=%(refname)%00%(upstream:short)%00%(objectname)%00%(upstream:track)%00%(upstream:remotename)%00%(upstream:remoteref) refs/heads/master refs/remotes/master [12ms]
2025-06-15 12:36:32.005 [warning] [Git][revParse] Unable to read file: ENOENT: no such file or directory, open '/home/dominik/.cache/yay/networkmanager-dmenu-git/.git/refs/remotes/origin/master'
2025-06-15 12:36:32.006 [info] > git merge-base refs/heads/master refs/remotes/origin/master [11ms]
2025-06-15 12:36:32.016 [info] > git rev-parse refs/remotes/origin/master [11ms]
2025-06-15 12:36:32.035 [info] > git status -z -uall [12ms]
2025-06-15 12:36:32.036 [info] > git diff --name-status -z --diff-filter=ADMR 3ff8084f745e385404d2894130784f7966dfb965...refs/remotes/origin/master [22ms]
2025-06-15 12:36:32.037 [info] > git for-each-ref --sort -committerdate --format %(refname)%00%(objectname)%00%(*objectname) [5ms]
2025-06-15 12:41:57.059 [info] > git rev-parse --show-toplevel [3ms]
2025-06-15 12:41:57.068 [info] > git rev-parse --git-dir --git-common-dir [2ms]
2025-06-15 12:41:57.079 [info] [Model][openRepository] Opened repository (path): /home/dominik/.cache/yay/waybar-git
2025-06-15 12:41:57.079 [info] [Model][openRepository] Opened repository (real path): /home/dominik/.cache/yay/waybar-git
2025-06-15 12:41:57.105 [info] > git config --get commit.template [14ms]
2025-06-15 12:41:57.107 [info] > git rev-parse --show-toplevel [5ms]
2025-06-15 12:41:57.129 [info] > git rev-parse --git-dir --git-common-dir [5ms]
2025-06-15 12:41:57.141 [info] [Model][openRepository] Opened repository (path): /home/dominik/.cache/yay/btop-git
2025-06-15 12:41:57.141 [info] [Model][openRepository] Opened repository (real path): /home/dominik/.cache/yay/btop-git
2025-06-15 12:41:57.144 [info] > git for-each-ref --format=%(refname)%00%(upstream:short)%00%(objectname)%00%(upstream:track)%00%(upstream:remotename)%00%(upstream:remoteref) refs/heads/master refs/remotes/master [29ms]
2025-06-15 12:41:57.166 [warning] [Git][revParse] Unable to read file: ENOENT: no such file or directory, open '/home/dominik/.cache/yay/waybar-git/.git/refs/remotes/origin/master'
2025-06-15 12:41:57.168 [info] > git config --get commit.template [12ms]
2025-06-15 12:41:57.171 [info] > git rev-parse refs/remotes/origin/master [5ms]
2025-06-15 12:41:57.200 [info] > git status -z -uall [20ms]
2025-06-15 12:41:57.204 [info] > git for-each-ref --format=%(refname)%00%(upstream:short)%00%(objectname)%00%(upstream:track)%00%(upstream:remotename)%00%(upstream:remoteref) refs/heads/master refs/remotes/master [5ms]
2025-06-15 12:41:57.213 [warning] [Git][revParse] Unable to read file: ENOENT: no such file or directory, open '/home/dominik/.cache/yay/btop-git/.git/refs/remotes/origin/master'
2025-06-15 12:41:57.215 [info] > git for-each-ref --sort -committerdate --format %(refname)%00%(objectname)%00%(*objectname) [25ms]
2025-06-15 12:41:57.236 [info] > git rev-parse refs/remotes/origin/master [23ms]
2025-06-15 12:41:57.265 [info] > git status -z -uall [21ms]
2025-06-15 12:41:57.265 [info] > git for-each-ref --sort -committerdate --format %(refname)%00%(objectname)%00%(*objectname) [14ms]
2025-06-15 12:41:57.293 [info] > git for-each-ref --format=%(refname)%00%(upstream:short)%00%(objectname)%00%(upstream:track)%00%(upstream:remotename)%00%(upstream:remoteref) refs/heads/master refs/remotes/master [63ms]
2025-06-15 12:41:57.329 [info] > git config --get --local branch.master.vscode-merge-base [24ms]
2025-06-15 12:41:57.329 [warning] [Git][config] git config failed: Failed to execute git
2025-06-15 12:41:57.343 [info] > git for-each-ref --format=%(refname)%00%(upstream:short)%00%(objectname)%00%(upstream:track)%00%(upstream:remotename)%00%(upstream:remoteref) refs/heads/master refs/remotes/master [60ms]
2025-06-15 12:41:57.362 [info] > git config --get commit.template [98ms]
2025-06-15 12:41:57.388 [info] > git config --get --local branch.master.vscode-merge-base [26ms]
2025-06-15 12:41:57.388 [warning] [Git][config] git config failed: Failed to execute git
2025-06-15 12:41:57.400 [info] > git reflog master --grep-reflog=branch: Created from *. [57ms]
2025-06-15 12:41:57.413 [info] > git config --get commit.template [85ms]
2025-06-15 12:41:57.440 [info] > git symbolic-ref --short refs/remotes/origin/HEAD [28ms]
2025-06-15 12:41:57.448 [info] > git reflog master --grep-reflog=branch: Created from *. [47ms]
2025-06-15 12:41:57.464 [info] > git for-each-ref --format=%(refname)%00%(upstream:short)%00%(objectname)%00%(upstream:track)%00%(upstream:remotename)%00%(upstream:remoteref) refs/heads/origin/master refs/remotes/origin/master [17ms]
2025-06-15 12:41:57.473 [info] > git for-each-ref --format=%(refname)%00%(upstream:short)%00%(objectname)%00%(upstream:track)%00%(upstream:remotename)%00%(upstream:remoteref) refs/heads/master refs/remotes/master [34ms]
2025-06-15 12:41:57.480 [warning] [Git][revParse] Unable to read file: ENOENT: no such file or directory, open '/home/dominik/.cache/yay/waybar-git/.git/refs/remotes/origin/master'
2025-06-15 12:41:57.482 [info] > git for-each-ref --format=%(refname)%00%(upstream:short)%00%(objectname)%00%(upstream:track)%00%(upstream:remotename)%00%(upstream:remoteref) refs/heads/master refs/remotes/master [19ms]
2025-06-15 12:41:57.482 [info] > git symbolic-ref --short refs/remotes/origin/HEAD [27ms]
2025-06-15 12:41:57.497 [warning] [Git][revParse] Unable to read file: ENOENT: no such file or directory, open '/home/dominik/.cache/yay/btop-git/.git/refs/remotes/origin/master'
2025-06-15 12:41:57.498 [info] > git rev-parse refs/remotes/origin/master [18ms]
2025-06-15 12:41:57.514 [info] > git config --add --local branch.master.vscode-merge-base origin/master [42ms]
2025-06-15 12:41:57.515 [info] > git for-each-ref --sort -committerdate --format %(refname)%00%(objectname)%00%(*objectname) [2ms] (cancelled)
2025-06-15 12:41:57.535 [info] > git status -z -uall [30ms] (cancelled)
2025-06-15 12:41:57.535 [info] > git rev-parse refs/remotes/origin/master [38ms]
2025-06-15 12:41:57.551 [info] > git for-each-ref --format=%(refname)%00%(upstream:short)%00%(objectname)%00%(upstream:track)%00%(upstream:remotename)%00%(upstream:remoteref) refs/heads/origin/master refs/remotes/origin/master [62ms]
2025-06-15 12:41:57.562 [info] > git status -z -uall [20ms]
2025-06-15 12:41:57.562 [info] > git for-each-ref --sort -committerdate --format %(refname)%00%(objectname)%00%(*objectname) [11ms]
2025-06-15 12:41:57.578 [info] > git config --get commit.template [44ms]
2025-06-15 12:41:57.578 [info] > git for-each-ref --format=%(refname)%00%(upstream:short)%00%(objectname)%00%(upstream:track)%00%(upstream:remotename)%00%(upstream:remoteref) refs/heads/master refs/remotes/master [54ms]
2025-06-15 12:41:57.589 [info] > git for-each-ref --format=%(refname)%00%(upstream:short)%00%(objectname)%00%(upstream:track)%00%(upstream:remotename)%00%(upstream:remoteref) refs/heads/master refs/remotes/master [12ms]
2025-06-15 12:41:57.597 [info] > git config --add --local branch.master.vscode-merge-base origin/master [38ms]
2025-06-15 12:41:57.616 [info] > git config --get --local branch.master.vscode-merge-base [19ms]
2025-06-15 12:41:57.625 [info] > git config --get --local branch.master.vscode-merge-base [39ms]
2025-06-15 12:41:57.637 [info] > git for-each-ref --format=%(refname)%00%(upstream:short)%00%(objectname)%00%(upstream:track)%00%(upstream:remotename)%00%(upstream:remoteref) refs/heads/origin/master refs/remotes/origin/master [12ms]
2025-06-15 12:41:57.646 [info] > git config --get commit.template [32ms]
2025-06-15 12:41:57.646 [info] > git for-each-ref --format=%(refname)%00%(upstream:short)%00%(objectname)%00%(upstream:track)%00%(upstream:remotename)%00%(upstream:remoteref) refs/heads/master refs/remotes/master [39ms]
2025-06-15 12:41:57.655 [warning] [Git][revParse] Unable to read file: ENOENT: no such file or directory, open '/home/dominik/.cache/yay/waybar-git/.git/refs/remotes/origin/master'
2025-06-15 12:41:57.656 [info] > git for-each-ref --format=%(refname)%00%(upstream:short)%00%(objectname)%00%(upstream:track)%00%(upstream:remotename)%00%(upstream:remoteref) refs/heads/origin/master refs/remotes/origin/master [21ms]
2025-06-15 12:41:57.683 [info] > git merge-base refs/heads/master refs/remotes/origin/master [18ms]
2025-06-15 12:41:57.693 [info] > git rev-parse refs/remotes/origin/master [39ms]
2025-06-15 12:41:57.711 [info] > git merge-base refs/heads/master refs/remotes/origin/master [66ms]
2025-06-15 12:41:57.723 [info] > git status -z -uall [22ms]
2025-06-15 12:41:57.723 [info] > git for-each-ref --sort -committerdate --format %(refname)%00%(objectname)%00%(*objectname) [12ms]
2025-06-15 12:41:57.747 [info] > git diff --name-status -z --diff-filter=ADMR 8a98b56282a977a9fece6e00d2b3f7f8fb258f13...refs/remotes/origin/master [55ms]
2025-06-15 12:41:57.748 [info] > git for-each-ref --format=%(refname)%00%(upstream:short)%00%(objectname)%00%(upstream:track)%00%(upstream:remotename)%00%(upstream:remoteref) refs/heads/master refs/remotes/master [67ms]
2025-06-15 12:41:57.757 [warning] [Git][revParse] Unable to read file: ENOENT: no such file or directory, open '/home/dominik/.cache/yay/btop-git/.git/refs/remotes/origin/master'
2025-06-15 12:41:57.760 [info] > git merge-base refs/heads/master refs/remotes/origin/master [13ms]
2025-06-15 12:41:57.768 [info] > git merge-base refs/heads/master refs/remotes/origin/master [31ms]
2025-06-15 12:41:57.777 [info] > git diff --name-status -z --diff-filter=ADMR 48e8c085d37ab96c6d220cc5b498ebc3a21f6f4c...refs/remotes/origin/master [57ms]
2025-06-15 12:41:57.782 [info] > git diff --name-status -z --diff-filter=ADMR 8a98b56282a977a9fece6e00d2b3f7f8fb258f13...refs/remotes/origin/master [5ms]
2025-06-15 12:41:57.783 [info] > git diff --name-status -z --diff-filter=ADMR 8a98b56282a977a9fece6e00d2b3f7f8fb258f13...refs/remotes/origin/master [15ms]
2025-06-15 12:41:57.784 [info] > git rev-parse refs/remotes/origin/master [27ms]
2025-06-15 12:41:57.801 [info] > git status -z -uall [9ms]
2025-06-15 12:41:57.803 [info] > git for-each-ref --sort -committerdate --format %(refname)%00%(objectname)%00%(*objectname) [3ms]
2025-06-15 12:58:37.576 [warning] [Model][getRepositoryExact] Failed to get repository realpath for: "/home/dominik/.local/share/nvim/tree-sitter-yaml-tmp/tree-sitter-yaml-1805917414a9a8ba2473717fd69447277a175fae/". Error:Error: ENOENT: no such file or directory, realpath '/home/dominik/.local/share/nvim/tree-sitter-yaml-tmp/tree-sitter-yaml-1805917414a9a8ba2473717fd69447277a175fae/'
2025-06-15 12:58:47.309 [warning] [Model][getRepositoryExact] Failed to get repository realpath for: "/home/dominik/.local/share/nvim/tree-sitter-editorconfig-tmp/tree-sitter-editorconfig-3f2b371537355f6e53cc3af37f79ba450efb5132/". Error:Error: ENOENT: no such file or directory, realpath '/home/dominik/.local/share/nvim/tree-sitter-editorconfig-tmp/tree-sitter-editorconfig-3f2b371537355f6e53cc3af37f79ba450efb5132/'
2025-06-15 15:59:24.408 [info] > git config --get commit.template [62ms]
2025-06-15 15:59:24.423 [info] > git config --get commit.template [18ms]
2025-06-15 15:59:24.423 [info] > git config --get commit.template [34ms]
2025-06-15 15:59:24.423 [info] > git config --get commit.template [58ms]
2025-06-15 15:59:24.491 [info] > git for-each-ref --format=%(refname)%00%(upstream:short)%00%(objectname)%00%(upstream:track)%00%(upstream:remotename)%00%(upstream:remoteref) refs/heads/main refs/remotes/main [47ms]
2025-06-15 15:59:24.518 [info] > git status -z -uall [17ms]
2025-06-15 15:59:24.519 [info] > git for-each-ref --format=%(refname)%00%(upstream:short)%00%(objectname)%00%(upstream:track)%00%(upstream:remotename)%00%(upstream:remoteref) refs/heads/master refs/remotes/master [30ms]
2025-06-15 15:59:24.520 [info] > git for-each-ref --format=%(refname)%00%(upstream:short)%00%(objectname)%00%(upstream:track)%00%(upstream:remotename)%00%(upstream:remoteref) refs/heads/master refs/remotes/master [42ms]
2025-06-15 15:59:24.520 [info] > git for-each-ref --format=%(refname)%00%(upstream:short)%00%(objectname)%00%(upstream:track)%00%(upstream:remotename)%00%(upstream:remoteref) refs/heads/master refs/remotes/master [60ms]
2025-06-15 15:59:24.532 [warning] [Git][revParse] Unable to read file: ENOENT: no such file or directory, open '/home/dominik/.cache/yay/btop-git/.git/refs/remotes/origin/master'
2025-06-15 15:59:24.543 [warning] [Git][revParse] Unable to read file: ENOENT: no such file or directory, open '/home/dominik/.cache/yay/waybar-git/.git/refs/remotes/origin/master'
2025-06-15 15:59:24.555 [warning] [Git][revParse] Unable to read file: ENOENT: no such file or directory, open '/home/dominik/.cache/yay/networkmanager-dmenu-git/.git/refs/remotes/origin/master'
2025-06-15 15:59:24.556 [info] > git for-each-ref --sort -committerdate --format %(refname)%00%(objectname)%00%(*objectname) [41ms]
2025-06-15 15:59:24.563 [info] > git rev-parse refs/remotes/origin/master [7ms]
2025-06-15 15:59:24.592 [info] > git rev-parse refs/remotes/origin/master [49ms]
2025-06-15 15:59:24.616 [info] > git rev-parse refs/remotes/origin/master [85ms]
2025-06-15 15:59:24.659 [info] > git status -z -uall [83ms]
2025-06-15 15:59:24.659 [info] > git status -z -uall [56ms]
2025-06-15 15:59:24.659 [info] > git status -z -uall [33ms]
2025-06-15 15:59:24.660 [info] > git for-each-ref --sort -committerdate --format %(refname)%00%(objectname)%00%(*objectname) [45ms]
2025-06-15 15:59:24.672 [info] > git for-each-ref --sort -committerdate --format %(refname)%00%(objectname)%00%(*objectname) [80ms]
2025-06-15 15:59:24.693 [info] > git for-each-ref --sort -committerdate --format %(refname)%00%(objectname)%00%(*objectname) [40ms]
2025-06-15 16:01:27.319 [info] > git config --get commit.template [46ms]
2025-06-15 16:01:27.323 [info] > git for-each-ref --format=%(refname)%00%(upstream:short)%00%(objectname)%00%(upstream:track)%00%(upstream:remotename)%00%(upstream:remoteref) refs/heads/master refs/remotes/master [6ms]
2025-06-15 16:01:27.336 [warning] [Git][revParse] Unable to read file: ENOENT: no such file or directory, open '/home/dominik/.cache/yay/networkmanager-dmenu-git/.git/refs/remotes/origin/master'
2025-06-15 16:01:27.338 [info] > git rev-parse refs/remotes/origin/master [2ms]
2025-06-15 16:01:27.362 [info] > git status -z -uall [13ms]
2025-06-15 16:01:27.365 [info] > git for-each-ref --sort -committerdate --format %(refname)%00%(objectname)%00%(*objectname) [6ms]
