2025-05-23 13:14:07.162 [info] [main] Log level: Info
2025-05-23 13:14:07.162 [info] [main] Validating found git in: "git"
2025-05-23 13:14:07.162 [info] [main] Using git "2.49.0" from "git"
2025-05-23 13:14:07.162 [info] [Model][doInitialScan] Initial repository scan started
2025-05-23 13:14:07.162 [info] > git rev-parse --show-toplevel [18ms]
2025-05-23 13:14:07.162 [info] fatal: not a git repository (or any of the parent directories): .git
2025-05-23 13:14:07.166 [info] > git rev-parse --show-toplevel [10ms]
2025-05-23 13:14:07.166 [info] fatal: not a git repository (or any of the parent directories): .git
2025-05-23 13:14:07.182 [info] > git rev-parse --show-toplevel [5ms]
2025-05-23 13:14:07.182 [info] fatal: not a git repository (or any of the parent directories): .git
2025-05-23 13:14:07.195 [info] > git rev-parse --show-toplevel [4ms]
2025-05-23 13:14:07.195 [info] fatal: not a git repository (or any of the parent directories): .git
2025-05-23 13:14:07.207 [info] > git rev-parse --show-toplevel [3ms]
2025-05-23 13:14:07.207 [info] fatal: not a git repository (or any of the parent directories): .git
2025-05-23 13:14:07.218 [info] > git rev-parse --show-toplevel [3ms]
2025-05-23 13:14:07.218 [info] fatal: not a git repository (or any of the parent directories): .git
2025-05-23 13:14:07.237 [info] > git rev-parse --show-toplevel [7ms]
2025-05-23 13:14:07.237 [info] fatal: not a git repository (or any of the parent directories): .git
2025-05-23 13:14:07.254 [info] > git rev-parse --show-toplevel [2ms]
2025-05-23 13:14:07.254 [info] fatal: not a git repository (or any of the parent directories): .git
2025-05-23 13:14:07.266 [info] > git rev-parse --show-toplevel [3ms]
2025-05-23 13:14:07.266 [info] fatal: not a git repository (or any of the parent directories): .git
2025-05-23 13:14:07.280 [info] > git rev-parse --show-toplevel [2ms]
2025-05-23 13:14:07.280 [info] fatal: not a git repository (or any of the parent directories): .git
2025-05-23 13:14:07.292 [info] > git rev-parse --show-toplevel [3ms]
2025-05-23 13:14:07.292 [info] fatal: not a git repository (or any of the parent directories): .git
2025-05-23 13:14:07.294 [info] [Model][doInitialScan] Initial repository scan completed - repositories (0), closed repositories (0), parent repositories (0), unsafe repositories (0)
