2025-05-23 13:12:35.046 [info] [main] Log level: Info
2025-05-23 13:12:35.046 [info] [main] Validating found git in: "git"
2025-05-23 13:12:35.167 [info] [main] Using git "2.49.0" from "git"
2025-05-23 13:12:35.167 [info] [Model][doInitialScan] Initial repository scan started
2025-05-23 13:12:35.211 [info] > git rev-parse --show-toplevel [20ms]
2025-05-23 13:12:35.211 [info] fatal: not a git repository (or any of the parent directories): .git
2025-05-23 13:12:35.224 [info] > git rev-parse --show-toplevel [2ms]
2025-05-23 13:12:35.224 [info] fatal: not a git repository (or any of the parent directories): .git
2025-05-23 13:12:35.234 [info] > git rev-parse --show-toplevel [2ms]
2025-05-23 13:12:35.234 [info] fatal: not a git repository (or any of the parent directories): .git
2025-05-23 13:12:35.243 [info] > git rev-parse --show-toplevel [3ms]
2025-05-23 13:12:35.243 [info] fatal: not a git repository (or any of the parent directories): .git
2025-05-23 13:12:35.254 [info] > git rev-parse --show-toplevel [2ms]
2025-05-23 13:12:35.254 [info] fatal: not a git repository (or any of the parent directories): .git
2025-05-23 13:12:35.265 [info] > git rev-parse --show-toplevel [3ms]
2025-05-23 13:12:35.265 [info] fatal: not a git repository (or any of the parent directories): .git
2025-05-23 13:12:35.275 [info] > git rev-parse --show-toplevel [2ms]
2025-05-23 13:12:35.275 [info] fatal: not a git repository (or any of the parent directories): .git
2025-05-23 13:12:35.285 [info] > git rev-parse --show-toplevel [2ms]
2025-05-23 13:12:35.285 [info] fatal: not a git repository (or any of the parent directories): .git
2025-05-23 13:12:35.295 [info] > git rev-parse --show-toplevel [2ms]
2025-05-23 13:12:35.295 [info] fatal: not a git repository (or any of the parent directories): .git
2025-05-23 13:12:35.305 [info] > git rev-parse --show-toplevel [2ms]
2025-05-23 13:12:35.305 [info] fatal: not a git repository (or any of the parent directories): .git
2025-05-23 13:12:35.306 [info] [Model][doInitialScan] Initial repository scan completed - repositories (0), closed repositories (0), parent repositories (0), unsafe repositories (0)
